0

0

3
abc
5
abcwa
3
abc
3
abc
3
abc
8
12345abc
6
123abc
