5
abcde
3
abc
8
abcdeabc
6
abcabc
6
abcabc
3
cde
8
abcdeabc
5
cdefg
0

3
abc
